Case 1:
CCCCC     SSSSS     SSSSS
C         S         S    
C         SSSSS     SSSSS
C             S         S
CCCCC     SSSSS     SSSSS





Case 2:
CCCCCCCCCC          SSSSSSSSSS          SSSSSSSSSS
CCCCCCCCCC          SSSSSSSSSS          SSSSSSSSSS
CC                  SS                  SS        
CC                  SS                  SS        
CC                  SSSSSSSSSS          SSSSSSSSSS
CC                  SSSSSSSSSS          SSSSSSSSSS
CC                          SS                  SS
CC                          SS                  SS
CCCCCCCCCC          SSSSSSSSSS          SSSSSSSSSS
CCCCCCCCCC          SSSSSSSSSS          SSSSSSSSSS





Case 3:
CCCCCCCCCCCCCCC               SSSSSSSSSSSSSSS               SSSSSSSSSSSSSSS
CCCCCCCCCCCCCCC               SSSSSSSSSSSSSSS               SSSSSSSSSSSSSSS
CCCCCCCCCCCCCCC               SSSSSSSSSSSSSSS               SSSSSSSSSSSSSSS
CCC                           SSS                           SSS            
CCC                           SSS                           SSS            
CCC                           SSS                           SSS            
CCC                           SSSSSSSSSSSSSSS               SSSSSSSSSSSSSSS
CCC                           SSSSSSSSSSSSSSS               SSSSSSSSSSSSSSS
CCC                           SSSSSSSSSSSSSSS               SSSSSSSSSSSSSSS
CCC                                       SSS                           SSS
CCC                                       SSS                           SSS
CCC                                       SSS                           SSS
CCCCCCCCCCCCCCC               SSSSSSSSSSSSSSS               SSSSSSSSSSSSSSS
CCCCCCCCCCCCCCC               SSSSSSSSSSSSSSS               SSSSSSSSSSSSSSS
CCCCCCCCCCCCCCC               SSSSSSSSSSSSSSS               SSSSSSSSSSSSSSS





