Case 1:
CCCCC     SSSSS     SSSSS
C         S         S    
C         SSSSS     SSSSS
C             S         S
CCCCC     SSSSS     SSSSS





Case 2:
CCCCCCCCCC          SSSSSSSSSS          SSSSSSSSSS
CCCCCCCCCC          SSSSSSSSSS          SSSSSSSSSS
CC                  SS                  SS        
CC                  SS                  SS        
CC                  SSSSSSSSSS          SSSSSSSSSS
CC                  SSSSSSSSSS          SSSSSSSSSS
CC                          SS                  SS
CC                          SS                  SS
CCCCCCCCCC          SSSSSSSSSS          SSSSSSSSSS
CCCCCCCCCC          SSSSSSSSSS          SSSSSSSSSS





Case 3:
CCCCCCCCCCCCCCCCCCCC                    SSSSSSSSSSSSSSSSSSSS                    SSSSSSSSSSSSSSSSSSSS
CCCCCCCCCCCCCCCCCCCC                    SSSSSSSSSSSSSSSSSSSS                    SSSSSSSSSSSSSSSSSSSS
CCCCCCCCCCCCCCCCCCCC                    SSSSSSSSSSSSSSSSSSSS                    SSSSSSSSSSSSSSSSSSSS
CCCCCCCCCCCCCCCCCCCC                    SSSSSSSSSSSSSSSSSSSS                    SSSSSSSSSSSSSSSSSSSS
CCCC                                    SSSS                                    SSSS                
CCCC                                    SSSS                                    SSSS                
CCCC                                    SSSS                                    SSSS                
CCCC                                    SSSS                                    SSSS                
CCCC                                    SSSSSSSSSSSSSSSSSSSS                    SSSSSSSSSSSSSSSSSSSS
CCCC                                    SSSSSSSSSSSSSSSSSSSS                    SSSSSSSSSSSSSSSSSSSS
CCCC                                    SSSSSSSSSSSSSSSSSSSS                    SSSSSSSSSSSSSSSSSSSS
CCCC                                    SSSSSSSSSSSSSSSSSSSS                    SSSSSSSSSSSSSSSSSSSS
CCCC                                                    SSSS                                    SSSS
CCCC                                                    SSSS                                    SSSS
CCCC                                                    SSSS                                    SSSS
CCCC                                                    SSSS                                    SSSS
CCCCCCCCCCCCCCCCCCCC                    SSSSSSSSSSSSSSSSSSSS                    SSSSSSSSSSSSSSSSSSSS
CCCCCCCCCCCCCCCCCCCC                    SSSSSSSSSSSSSSSSSSSS                    SSSSSSSSSSSSSSSSSSSS
CCCCCCCCCCCCCCCCCCCC                    SSSSSSSSSSSSSSSSSSSS                    SSSSSSSSSSSSSSSSSSSS
CCCCCCCCCCCCCCCCCCCC                    SSSSSSSSSSSSSSSSSSSS                    SSSSSSSSSSSSSSSSSSSS





